[covix.framer.website/index.html]
[backblue.gif]
[fade.gif]
[index.html]
[framerusercontent.com/images/0d79ROkNQgyOZHU6CDM6mDSoIgw.png]
[framerusercontent.com/images/w4Al0WkGMeDD8BWgFhvtrnqiEQI.png]
[framerusercontent.com/images/oyJKk9TwCqvtzfpGxeJuGTe8iMM.png]
[framerusercontent.com/images/zlOD13rfu09kzt3VJ9wumwuzTRo619f.png]
[framerusercontent.com/images/hN5ungOLvc4v8uHKIe8UW7vn84275.png]
[covix.framer.website/work.html]
[covix.framer.website/blog.html]
[covix.framer.website/contact.html]
[framerusercontent.com/images/n0nOQKV0nPxqTAPNI1XneZvYa909.png]
[framerusercontent.com/images/DaBRloOooo3F7jM0Rg83ynq9luwc0cf.png]
[framerusercontent.com/images/O2xrAq3RKT8nFPNORoBS2tIa909.png]
[framerusercontent.com/images/u8ehBTmTd2QPj4sfFfiuPGB7Fc61c4.png]
[framerusercontent.com/images/aN2OnhPrQhhDbClL2Samzt5cpIad48.png]
[framerusercontent.com/images/3XmccmCy4m8FZq9VFdxgDpY081d79.png]
[framerusercontent.com/images/XQDRwiuluxlpbDoq0LAFAGtiDYcdca0.png]
[framerusercontent.com/images/DgIwloEa1CIdDjjawI1FH6FXQ505a.jpg]
[covix.framer.website/work/finance-saas-website.html]
[framerusercontent.com/images/UTN1A8Zq1JJyGRYovnTN3sTbhk035d.png]
[covix.framer.website/work/ai-automation-platform.html]
[framerusercontent.com/images/VuCZ35ct2bfWWwo01KtVJMZZot08079.png]
[covix.framer.website/work/fashion-ecommerce.html]
[framerusercontent.com/images/RounwKiiewvIsqEUO8W8PY9kad48.png]
[covix.framer.website/work/logistics-company.html]
[framerusercontent.com/images/WaQtceGT8kMcuz4tifhXVF0kPgad48.png]
[covix.framer.website/work/creative-agency.html]
[framerusercontent.com/images/4xWzvCecRfxcMUT8E6Z3GB33aw12b5.png]
[framerusercontent.com/images/ooje4NQojTFEimJjf8KwPIvfUNA035d.png]
[framerusercontent.com/images/e8RfTUOHLr7iPZCCW3Rtu6D6E5c46.png]
[framerusercontent.com/images/ZY54uEqGWX7KaANaeG5RO2EetI18e8.png]
[framerusercontent.com/images/2x9zqSIOoDM3NmFC328yoKdLMIf73b.png]
[framerusercontent.com/images/UAkiF7QnD0PLPg4mLEKRlptUZw18e8.png]
[framerusercontent.com/images/fRWfA9lDO0BIfwMrKKd13yxwLwf73b.png]
[framerusercontent.com/images/1pZcUTDfgJpBXcTZSfLYgFW94Qf73b.png]
[framerusercontent.com/images/jNFdCa34Vk0Mt0V4bNBklEsfk18e8.png]
[framerusercontent.com/images/gq0sbIr7GjP4YtAE619dH3crPxsf73b.png]
[framerusercontent.com/images/jRa3sJlXGhRc7V8xQ148K9Jh92I6ddb.png]
[framerusercontent.com/images/eIJKit6RFQz4vniw3oEDRFjqJw0a5d.png]
[framerusercontent.com/images/iVhZWxdihoNZcjJITmQedunHJkIb421.png]
[framerusercontent.com/images/fonaulZHvsPj9DB9S78jBfhSDM8cb4.png]
[framerusercontent.com/images/xAEEA83GyKGE7YT3PZbukoGgXo0fba.png]
[framerusercontent.com/images/Mx3oW1N6COyl5KtmZNkjNsLaA40fba.png]
[framerusercontent.com/images/u3PWYZRR8dVwIsO2HHtWPnfIM0fba.png]
[framerusercontent.com/images/jmpMzwHJ0KI7FAK1UX5PoD8GA5ad8.png]
[framerusercontent.com/images/IuauqP09SqanQGaJAdlwWYWwCgwd257.png]
[framerusercontent.com/images/Z9JSuoNzUc5K4dKGRUH6SqOThXw007a.jpg]
[framerusercontent.com/images/egFtOz6MPRdzfjLk7iiRDHZ86gw7f33.png]
[framerusercontent.com/images/0fr7pxO2Bbejx8ruzQSSkDd64ee3b.png]
[framerusercontent.com/images/7HpgqG4DWGzeCIT8m47Tc7GFY2ac4.png]
[framerusercontent.com/images/VunZHPo32yFYQbpz8kdm9qVrFk8079.png]
[framerusercontent.com/images/vydmQ8oyisaAnXbvGcwSUUWBf0856f3.png]
[framerusercontent.com/images/0xB7rNYidAlCntL40IMSWCPDE0cf69.png]
[framerusercontent.com/images/XPMMcZzTZXIg20Ajz4tvG7uNmYb331.png]
[framerusercontent.com/images/OkEDpOTCWYQnb5dvBCuSRIEDv06bf6.png]
[framerusercontent.com/images/w0QwasDIeYIYtmSgiAqAnXEV6o0fd9.png]
[framerusercontent.com/images/UTN1A8Zq1JJyGRYovnTN3sTbhkaff2.png]
[framerusercontent.com/images/VuCZ35ct2bfWWwo01KtVJMZZot0b0fb.png]
[framerusercontent.com/images/RounwKiiewvIsqEUO8W8PY9ked04.png]
[framerusercontent.com/images/WaQtceGT8kMcuz4tifhXVF0kPg8d45.png]
[framerusercontent.com/images/4xWzvCecRfxcMUT8E6Z3GB33aw1280.png]
[covix.framer.website/index.html]
[framerusercontent.com/images/VZBgAXd5B41Zf7LQQI3eFcko051e.png]
[framerusercontent.com/images/znKZypplW9MAOALVykkUCV81wM8dde.png]
[framerusercontent.com/images/SaHpFm8KkKFNrTa28oEZ0HDQeo051e.png]
[framerusercontent.com/images/LdzbTPAwvpe24YbznpVveFTeqvcd488.png]
[framerusercontent.com/images/T2yZamjnk0C2j2XtLYb6lar3gBY508b.png]
[framerusercontent.com/images/i2TrLzrDNmGVl3MWHs7QWhMHvY3acf.png]
[covix.framer.website/work/ai-agency-website.html]
[framerusercontent.com/images/LEDYBK7vK7Gj2Iy1nmHA50u86rk77ca.png]
[framerusercontent.com/images/pCT0YyeHkAL4NmD4TSn8kmJh6I6bf6.png]
[framerusercontent.com/images/5O0C5hzWEOz16C9iqgx2Obp6A7eb5.png]
[framerusercontent.com/images/LEDYBK7vK7Gj2Iy1nmHA50u86rk7a54.png]
[covix.framer.website/work.html]
[framerusercontent.com/images/MY57Tps5VFivAT2aqRc4Axbrj6ca708.png]
[framerusercontent.com/images/CbO6B1O6gPHK1QgTUsmPG4OwZCk8f5c.png]
[framerusercontent.com/images/5bGUzivWMd9nOXdxAXTVNQQ7pU8ee4.png]
[covix.framer.website/blog/why-great-design-creates-better-business-results.html]
[covix.framer.website/blog/the-future-of-no-code-product-development.html]
[covix.framer.website/blog/creating-websites-that-convert-more-visitors-effectively.html]
[covix.framer.website/blog/building-modern-brands-with-purpose-today.html]
[framerusercontent.com/images/gQTXvFBCMbCrhlv3FfCb4Ra76Fk2cec.png]
[covix.framer.website/blog/mastering-framer-for-faster-website-launches.html]
[framerusercontent.com/images/0uJZdBCUmq2In0S0lkzIbGJimbg8f5c.png]
[covix.framer.website/blog/creating-scalable-design-systems-with-confidence.html]
[framerusercontent.com/images/q02N8d0rUTF6YkbtoTvSUSdDF477ca.png]
[framerusercontent.com/images/MY57Tps5VFivAT2aqRc4Axbrj6cc36e.png]
[framerusercontent.com/images/CbO6B1O6gPHK1QgTUsmPG4OwZCk1d81.png]
[framerusercontent.com/images/5bGUzivWMd9nOXdxAXTVNQQ7pUbe56.png]
[framerusercontent.com/images/gQTXvFBCMbCrhlv3FfCb4Ra76Fk3596.png]
[framerusercontent.com/images/0uJZdBCUmq2In0S0lkzIbGJimbg3ae3.png]
[framerusercontent.com/images/q02N8d0rUTF6YkbtoTvSUSdDF45c12.png]
[covix.framer.website/blog.html]
[framerusercontent.com/images/6gtGDm1KshYkQNTZRhfL9g2Q9bw50a7.png]
[framerusercontent.com/images/DXQqWG8sscanN5pj6HyMoIovNq4a4a3.png]
[framerusercontent.com/images/wD88o99jO8ijpO6E5AbwN5FH3zca4a3.png]
[covix.framer.website/contact.html]
[framerusercontent.com/images/bc0uh3Cv4PSTXF22K3jVQ8sNk42cec.png]
[framerusercontent.com/images/bc0uh3Cv4PSTXF22K3jVQ8sNk4bd02.png]
[framerusercontent.com/images/FnyZ6HQuU1hLyohgEdorqsPLf7Q8f5c.png]
[framerusercontent.com/images/FnyZ6HQuU1hLyohgEdorqsPLf7Q19f3.png]
[covix.framer.website/work/finance-saas-website.html]
[framerusercontent.com/images/z54CgrVVKslswZfzz8XNKZfGU8d386.png]
[framerusercontent.com/images/z54CgrVVKslswZfzz8XNKZfGU8220d.png]
[framerusercontent.com/images/kbTfvPxZI0lVW8u6VwryKE24isad48.png]
[framerusercontent.com/images/kbTfvPxZI0lVW8u6VwryKE24is5fc0.png]
[framerusercontent.com/images/D0nkP0zERdJMrVc0keTlk3gOC02cec.png]
[framerusercontent.com/images/D0nkP0zERdJMrVc0keTlk3gOC03431.png]
[covix.framer.website/work/ai-automation-platform.html]
[framerusercontent.com/images/Ccu5xA9ugwCOcdULjdj8Tmg2U77ca.png]
[framerusercontent.com/images/Ccu5xA9ugwCOcdULjdj8Tmg2U87b6.png]
[framerusercontent.com/images/v8q5c2wMYMeSbtxHvEkXZSDl88f5c.png]
[framerusercontent.com/images/v8q5c2wMYMeSbtxHvEkXZSDl874cb.png]
[framerusercontent.com/images/sh5F4A9yYjA4hEZf1oDxJ0MDsGk3696.png]
[framerusercontent.com/images/sh5F4A9yYjA4hEZf1oDxJ0MDsGkce5d.png]
[covix.framer.website/work/fashion-ecommerce.html]
[framerusercontent.com/images/WSRzQoF5vljIMJJ8rLF9xEt2s12b5.png]
[framerusercontent.com/images/WSRzQoF5vljIMJJ8rLF9xEt2s85d9.png]
[framerusercontent.com/images/Z30FuFfKA2glTnHvoouwHQwkdhA77ca.png]
[framerusercontent.com/images/Z30FuFfKA2glTnHvoouwHQwkdhA8c34.png]
[framerusercontent.com/images/xAK6Gu4EykOqp7UHsq2QFgYwtHcc4dd.png]
[framerusercontent.com/images/xAK6Gu4EykOqp7UHsq2QFgYwtHcca8e.png]
[covix.framer.website/work/logistics-company.html]
[framerusercontent.com/images/eYIZQXnfCNfTApfx60Rn8NIMx8Uc4dd.png]
[framerusercontent.com/images/eYIZQXnfCNfTApfx60Rn8NIMx8U6a1e.png]
[framerusercontent.com/images/SM7w4yw5Cov3AbAWPerQ2tAM2cec.png]
[framerusercontent.com/images/SM7w4yw5Cov3AbAWPerQ2tAM0b90.png]
[covix.framer.website/work/creative-agency.html]
[framerusercontent.com/images/qmQhkqNKfvCcTV1e8UvcybJd848d97.png]
[framerusercontent.com/images/qmQhkqNKfvCcTV1e8UvcybJd84259e.png]
[framerusercontent.com/images/RjvrhSURhi3tsWXE1RkBegsRhI77ca.png]
[framerusercontent.com/images/RjvrhSURhi3tsWXE1RkBegsRhIf4ae.png]
[covix.framer.website/work/ai-agency-website.html]
[framerusercontent.com/images/xZYDEi4MFrJBbOI94DwTEbiEoM12b5.png]
[framerusercontent.com/images/xZYDEi4MFrJBbOI94DwTEbiEoM9d24.png]
[framerusercontent.com/images/S9xZV6UKEFfnvEwlgpYtPt6hI8f5c.png]
[framerusercontent.com/images/S9xZV6UKEFfnvEwlgpYtPt6hI06b4.png]
[framerusercontent.com/images/tdDIhGRFfYXjLkO6OtGKe7kQYtk8f5c.png]
[framerusercontent.com/images/tdDIhGRFfYXjLkO6OtGKe7kQYtkf44f.png]
[covix.framer.website/blog/why-great-design-creates-better-business-results.html]
[framerusercontent.com/images/636U7RDSl2H8S4b3SvsmwvAINlkc4dd.png]
[framerusercontent.com/images/636U7RDSl2H8S4b3SvsmwvAINlk67be.png]
[framerusercontent.com/images/jQIAfuwFcraZuvfOmVrpAyTA8f5c.png]
[framerusercontent.com/images/jQIAfuwFcraZuvfOmVrpAyTA7f33.png]
[framerusercontent.com/images/VdYhrJ7vO5VWgVfMyJqyJZ7s303e.png]
[framerusercontent.com/images/VdYhrJ7vO5VWgVfMyJqyJZ7s17ff.png]
[covix.framer.website/blog/the-future-of-no-code-product-development.html]
[framerusercontent.com/images/kpVcmOyA7FgF9YqADI2SClWv34bf9a.png]
[framerusercontent.com/images/kpVcmOyA7FgF9YqADI2SClWv3412f3.png]
[framerusercontent.com/images/GWuRXt0UY1nI7UVpCsVorfne812b5.png]
[framerusercontent.com/images/GWuRXt0UY1nI7UVpCsVorfne84396.png]
[framerusercontent.com/images/4h3ho61WZf3XnEFC1TFuTEsRkQ77ca.png]
[framerusercontent.com/images/4h3ho61WZf3XnEFC1TFuTEsRkQ912e.png]
[covix.framer.website/blog/creating-websites-that-convert-more-visitors-effectively.html]
[framerusercontent.com/images/NrXbN6hE9H4sUzdG0u5iaRndK8763e.png]
[framerusercontent.com/images/NrXbN6hE9H4sUzdG0u5iaRndK8bd41.png]
[framerusercontent.com/images/uIaPOe33jTlxbOYh8yDjB8MrUWY12b5.png]
[framerusercontent.com/images/uIaPOe33jTlxbOYh8yDjB8MrUWY55f2.png]
[framerusercontent.com/images/L9P7peOjlYDahIKP6GXl5KUc5fM12b5.png]
[framerusercontent.com/images/L9P7peOjlYDahIKP6GXl5KUc5fM1cc6.png]
[framerusercontent.com/images/GGDB19acrM2CkSQbLfFsaZGOGI2cec.png]
[framerusercontent.com/images/GGDB19acrM2CkSQbLfFsaZGOGIf4e0.png]
[covix.framer.website/blog/building-modern-brands-with-purpose-today.html]
[framerusercontent.com/images/HB5cVJvIUL5ZDIEJjrteUjZZ8d386.png]
[framerusercontent.com/images/HB5cVJvIUL5ZDIEJjrteUjZZ87947.png]
[framerusercontent.com/images/4a63kUXxrvjPuuhb2dPkrir7S0db5b.png]
[framerusercontent.com/images/4a63kUXxrvjPuuhb2dPkrir7S0c9de.png]
[framerusercontent.com/images/joKT1Jnyh0qnO9lT5kaBBJkw12b5.png]
[framerusercontent.com/images/joKT1Jnyh0qnO9lT5kaBBJkwfef6.png]
[framerusercontent.com/images/gKtpnMuzENVWKIU3pAnzHcE9Z877ca.png]
[framerusercontent.com/images/gKtpnMuzENVWKIU3pAnzHcE9Z85565.png]
[framerusercontent.com/images/yXSOG2xwpm73XGnODdhf6TN3vA2cec.png]
[framerusercontent.com/images/yXSOG2xwpm73XGnODdhf6TN3vA9880.png]
[covix.framer.website/blog/mastering-framer-for-faster-website-launches.html]
[framerusercontent.com/images/gzynvBijTu2guZT0PH2UgZgEcw2cec.png]
[framerusercontent.com/images/gzynvBijTu2guZT0PH2UgZgEcwd7cb.png]
[framerusercontent.com/images/rCO77BLGgRCoJ0c5K9Q8ONYXjoU8f5c.png]
[framerusercontent.com/images/rCO77BLGgRCoJ0c5K9Q8ONYXjoUd937.png]
[framerusercontent.com/images/eb368drpMIR88TE4eZ8m5ZjAqts12b5.png]
[framerusercontent.com/images/eb368drpMIR88TE4eZ8m5ZjAqtsedfe.png]
[framerusercontent.com/images/CHK2piikcQsswzmjWWvpKTdSdhM2cec.png]
[framerusercontent.com/images/CHK2piikcQsswzmjWWvpKTdSdhM5063.png]
[covix.framer.website/blog/creating-scalable-design-systems-with-confidence.html]
