[portus-template.framer.website/index.html]
[backblue.gif]
[fade.gif]
[index.html]
[framerusercontent.com/images/BjP8bQsKUIurXLiLJnleisR39Ec.png]
[framerusercontent.com/images/qLF6cHTE35AbToaci0QhWjbIxE.png]
[framerusercontent.com/images/jJI9DLLvjUbMmKLwiDDLowfFi00.png]
[portus-template.framer.website/studio.html]
[portus-template.framer.website/projects.html]
[portus-template.framer.website/blog.html]
[portus-template.framer.website/contact.html]
[framerusercontent.com/images/hZ3IxxUAXxGxLfoVT2kWbnKpKQ.png]
[framerusercontent.com/images/Zyb6BZdjP9mMkVGjqCgafe7SSA.png]
[portus-template.framer.website/branding.html]
[portus-template.framer.website/logo.html]
[portus-template.framer.website/projects/studio-aida.html]
[framerusercontent.com/images/TN7e6hxFOSGL6MBMC2jXhaVgjMY.jpg]
[portus-template.framer.website/projects/bloom-root.html]
[framerusercontent.com/images/2fUN6AfxVP830O6NiBoSQhIkThw.jpg]
[portus-template.framer.website/web-design.html]
[portus-template.framer.website/projects/technow.html]
[framerusercontent.com/images/iJYQ437fBUCnySXoqsHSAz4L9A.png]
[framerusercontent.com/images/UuXST4zXKGfl3fgDUOJ6RYq2w7a49.png]
[framerusercontent.com/images/VqykbMB1jJU1V5MgZuMho9ZQPRE.png]
[framerusercontent.com/images/MWDjNGvP5t8oMLYclqkqtAa8Qw.png]
[framerusercontent.com/images/JTgyera2GVg0m0TpYysubcbZ9YI.png]
[framerusercontent.com/images/I52ySlA7FEFc8HDRAMz5uuwvcs.png]
[framerusercontent.com/images/mfizarygKFOoNzV2aWUTgV4GvxA.png]
[framerusercontent.com/images/I52ySlA7FEFc8HDRAMz5uuwvcs328f.png]
[framerusercontent.com/images/d1MCQVnLDDQxpxGqq2bVy1RXAI7a49.png]
[framerusercontent.com/images/zwbhdOE5GCV7oSRI5eIae2u9oU16b1.png]
[framerusercontent.com/images/VqykbMB1jJU1V5MgZuMho9ZQPRE7a49.png]
[framerusercontent.com/images/OlXAZgu8LrL8xzU1LgCNWN06A8079.png]
[framerusercontent.com/images/5XS6dxveLzu0LWVkm10nFUOa9yg7a49.png]
[framerusercontent.com/images/YnKGF5HI1Lhyl4wRDpWR9M1F8ik7657.png]
[framerusercontent.com/images/p14i1JmPkDxZDwQziS1M2QKQKQ7a49.jpg]
[framerusercontent.com/images/vgIixiKdvvCq5fxOODyStyqEdUdf7a.png]
[framerusercontent.com/images/u3nreFgeVjg01pl7YVKw95XuSMdf7a.png]
[framerusercontent.com/images/Uw24aL250OiAwHXhXZb4XrO7u47a49.png]
[framerusercontent.com/images/YgAmJuvpY3mMD0ZiT2uhLXvqY0g75d1.png]
[framerusercontent.com/images/sccnco9acvwNpbkmw96s4vayxI7657.png]
[framerusercontent.com/images/5RdgBBJv3PcRVsODnVbf8ktqp9Idf7a.png]
[framerusercontent.com/images/T9tahhhy9EtYUbqZ88vbHLS1d4g7a49.png]
[framerusercontent.com/images/lugARfnx1Fc8eQaR1veKdEERd4.png]
[framerusercontent.com/images/KHtcf3Ddyy97ElaYNRya96dfSOY.png]
[framerusercontent.com/images/ZFX2HUDvT1R1Fje32HTTuCXG0GI.png]
[portus-template.framer.website/index.html]
[framerusercontent.com/images/wZqZrpxhb1RcsMYB4ktUQUQ6o.png]
[framerusercontent.com/images/5RY0OLxvTdvIU1ZR9nqnZIkN3es.png]
[framerusercontent.com/images/cWKVTTZJy06OiIugSAteTCRsQ.jpg]
[framerusercontent.com/images/oqgbITTt5N5T511QvOvDVddgDk.png]
[portus-template.framer.website/studio.html]
[portus-template.framer.website/development.html]
[portus-template.framer.website/projects/droply.html]
[framerusercontent.com/images/4PsuNZm190Whk4i8pBcW80PTJk.png]
[portus-template.framer.website/projects/boldhire.html]
[framerusercontent.com/images/DGCUubx1VCEkYin1f1HRWbJGM.png]
[portus-template.framer.website/projects.html]
[portus-template.framer.website/blog/why-good-design-is-good-business-clarity-trust-and-growth.html]
[framerusercontent.com/images/5YcO8NHWRllB6QPk9J8TuRd9Srw.png]
[portus-template.framer.website/blog/the-power-of-consistent-visual-language.html]
[framerusercontent.com/images/QVziza2tAOqPhXo6jM9UZJTg8.jpg]
[portus-template.framer.website/blog/how-to-create-a-website-that-truly-connects-with-your-audience.html]
[framerusercontent.com/images/kJm9qQTfqhAREVknYWaaSQ8CUkw.png]
[portus-template.framer.website/blog/building-trust-online-the-importance-of-testimonials.html]
[framerusercontent.com/images/Pog8sddbQr8BAARpQhN7qgYwFhU.png]
[portus-template.framer.website/blog/top-web-design-trends-to-watch-in-2024.html]
[framerusercontent.com/images/HhWEW8oeaRPoMJjLGDTAx7BtQ8.jpg]
[portus-template.framer.website/blog/boosting-site-speed-key-tips-for-faster-load-times.html]
[framerusercontent.com/images/DKeEskQ0bDZdlj0MrRwKqyj4.png]
[portus-template.framer.website/blog.html]
[framerusercontent.com/images/KiSwsZbVXOJQG2F6CRA15TTPk.png]
[portus-template.framer.website/contact.html]
[portus-template.framer.website/branding.html]
[portus-template.framer.website/logo.html]
[framerusercontent.com/images/vi6AganjZxfIDPVgrhsaRKDGU.jpg]
[framerusercontent.com/images/QY6drXCswOtdH5g7g8gHn9nbx8.jpg]
[framerusercontent.com/images/jrzkZbD6An20sdcTlwABUI3YU.jpg]
[framerusercontent.com/images/i2zNKsKwDL4YTnrD6KL4M4cA080.png]
[framerusercontent.com/images/HAISAq4ocpV6485wj5eyrOixk.png]
[portus-template.framer.website/projects/studio-aida.html]
[framerusercontent.com/images/FX0jkqzVHzMOVkwMJ2UmTCOUu0c.png]
[framerusercontent.com/images/NRxTo1gi6JKPebRFZi4KclvJQ.png]
[framerusercontent.com/images/NnLlc7sjXAsa2qufx68EoSWVxY.png]
[framerusercontent.com/images/6y7cLbLbjar9AUxMYwnu6yy8rcw.png]
[framerusercontent.com/images/YgGncYkAHu0tXjJO1Vk9DOwGflU.jpg]
[portus-template.framer.website/projects/bloom-root.html]
[portus-template.framer.website/web-design.html]
[framerusercontent.com/images/jr2SyjfmttviIvtdF8yb4CTQrc.png]
[framerusercontent.com/images/tha8UsyasYgp7Y5JISJWJUZdNE.png]
[framerusercontent.com/images/r85m7an5rDej3aRCBBRPmMZP9k.png]
[framerusercontent.com/images/1B80TwlNmOtQJ6qZYL4c3BZaLwU.png]
[framerusercontent.com/images/vJKSxUkIM3NailhZ0O2IwWgstM.png]
[portus-template.framer.website/projects/technow.html]
[portus-template.framer.website/development.html]
[framerusercontent.com/images/0uoFK2c4lwfpTVPHhURauak2k.png]
[framerusercontent.com/images/KnHAGajFfL2CQE9E44gQhxQg7k.png]
[framerusercontent.com/images/T9vtMuXoO2C5pVPNHqYf70XvMY.png]
[framerusercontent.com/images/RGZ1XcFW4OL6iPrhvO0eOYK4.png]
[framerusercontent.com/images/OZyWuqyw3XHIOmSP8g6lWKuFQ8.png]
[portus-template.framer.website/projects/droply.html]
[framerusercontent.com/images/cCf98poeryUn90oUa1EugSyfb3A.png]
[framerusercontent.com/images/7lgENUQNJnlxPmA4ojquaKM4.png]
[framerusercontent.com/images/A4HiKs9wrKIWWI0WbXaUL7ZEp20.png]
[framerusercontent.com/images/2V4KjxaPGNO8J0Z5pL8Th4kSCA.png]
[framerusercontent.com/images/Y8hYUHoCZpu2d4olhwikeb7Yirs.png]
[portus-template.framer.website/projects/boldhire.html]
[framerusercontent.com/images/bDKMbcPAvq2NV7UPTBQOM1VL3s.png]
[portus-template.framer.website/blog/why-good-design-is-good-business-clarity-trust-and-growth.html]
[framerusercontent.com/images/OrlifnTlYPRMLyxn1o7nUVu4IB8.png]
[portus-template.framer.website/blog/the-power-of-consistent-visual-language.html]
[framerusercontent.com/images/gD7elzdzlEHQGGg8aobf8VSK4.png]
[portus-template.framer.website/blog/how-to-create-a-website-that-truly-connects-with-your-audience.html]
[portus-template.framer.website/blog/building-trust-online-the-importance-of-testimonials.html]
[portus-template.framer.website/blog/top-web-design-trends-to-watch-in-2024.html]
[portus-template.framer.website/blog/boosting-site-speed-key-tips-for-faster-load-times.html]
